
> my-v0-project@0.1.0 build
> next build

node.exe : [baseline-br
owser-mapping] The 
data in this module is 
over two months old.  
To ensure accurate 
Baseline data, please 
update: `npm i baseline
-browser-mapping@latest
 -D`
No linha:1 caractere:1
+ & 
"C:\nodejs/node.exe" "C
:\nodejs/node_modules/n
pm/bin/npm-cli.js" ru 
...
+ ~~~~~~~~~~~~~~~~~~~~~
~~~~~~~~~~~~~~~~~~~~~~~
~~~~~~~~~~~~~~~~~~~~~~~
~~
    + CategoryInfo     
         : NotSpecifi  
  ed: ([baseline-bro   
 ws...ping@latest -    
D`:String) [], Rem    
oteException
    + FullyQualifiedEr 
   rorId : NativeComm  
  andError
 
 ÔÜá Warning: Next.js 
inferred your 
workspace root, but it 
may not be correct.
 We detected multiple 
lockfiles and selected 
the directory of C:\Use
rs\Usu├írio\Downloads\b
un.lock as the root 
directory.
 To silence this 
warning, set 
`turbopack.root` in 
your Next.js config, 
or consider removing 
one of the lockfiles 
if it's not needed.
   See https://nextjs.o
rg/docs/app/api-referen
ce/config/next-config-j
s/turbopack#root-direct
ory for more 
information.
 Detected additional 
lockfiles: 
   * C:\Users\Usu├írio\
Downloads\investmentdas
hboard\pnpm-lock.yaml

   Ôû▓ Next.js 16.0.10 (Turbopack)

   Creating an optimized production build ...
[baseline-browser-mappi
ng] The data in this 
module is over two 
months old.  To ensure 
accurate Baseline 
data, please update: 
`npm i baseline-browser
-mapping@latest -D`
 Ô£ô Compiled successfully in 21.0s
   Skipping validation of types
   Collecting page data using 3 workers ...
[baseline-browser-mappi
ng] The data in this 
module is over two 
months old.  To ensure 
accurate Baseline 
data, please update: 
`npm i baseline-browser
-mapping@latest -D`
[baseline-browser-mappi
ng] The data in this 
module is over two 
months old.  To ensure 
accurate Baseline 
data, please update: 
`npm i baseline-browser
-mapping@latest -D`
[baseline-browser-mappi
ng] The data in this 
module is over two 
months old.  To ensure 
accurate Baseline 
data, please update: 
`npm i baseline-browser
-mapping@latest -D`
   Generating static pages using 3 workers (0/12) ...
[baseline-browser-mappi
ng] The data in this 
module is over two 
months old.  To ensure 
accurate Baseline 
data, please update: 
`npm i baseline-browser
-mapping@latest -D`
   Generating static pages using 3 workers (3/12) 
   Generating static pages using 3 workers (6/12) 
   Generating static pages using 3 workers (9/12) 
 Ô£ô Generating static pages using 3 workers (12/12) in 2.5s
   Finalizing page optimization ...

Route (app)
Ôöî Ôùï /
Ôö£ Ôùï /_not-found
Ôö£ Ôùï /app
Ôö£ Ôùï /app/cartoes
Ôö£ Ôùï /app/configuracoes
Ôö£ Ôùï /app/economia
Ôö£ Ôùï /app/investimentos
Ôö£ Ôùï /app/objetivos
Ôö£ Ôùï /app/planejamento
Ôö£ Ôùï /app/transacoes
Ôöö Ôùï /manifest.webmanifest


Ôùï  (Static)  prerendered as static content

